// Jest Snapshot v1, https://goo.gl/fbAQLP

exports[`Active should render properly 1`] = `
<div>
  <table
    class="status-indicator-table"
    data-test="status-indicator-table"
    style="padding: 0px 7px 0px 5px; background-color: rgb(221, 236, 209);"
  >
    <tbody>
      <tr>
        <td>
          <div
            class="status-indicator-circle"
            data-test="status-indicator-circle"
            style="width: 10px; height: 10px; background-color: rgb(14, 175, 0); --animation-color: #0eaf00; animation-name: blink; animation-duration: 1s; animation-iteration-count: infinite;"
          />
        </td>
        <td>
          <span
            class="status-indicator-label"
            data-test="status-indicator-label"
            style="color: rgb(14, 175, 0); font-size: 11px;"
          >
            Active
          </span>
        </td>
      </tr>
    </tbody>
  </table>
</div>
`;
